{"workload": {"detector_shape": [128, 512], "volume_shape": [128, 512, 512], "projections_per_volume": 360, "input_frames_per_volume": 362, "detector_element": "u16", "detector_frame_bytes": 131072, "corrected_frame_bytes": 262144, "detector_bytes_per_volume": 47448064, "compressed_bytes_per_volume": 23861564, "volume_bytes": 134217728, "reconstruction": {"algorithm": "fbp", "backend": "astra-cuda", "filter": "ram-lak", "iterations": null, "threads": null, "relaxation": null, "min_constraint": null, "max_constraint": null, "filter_cutoff": null, "center": null, "gaussian_fwhm": 0.0, "scale_factor": 1.0, "slices_per_block": 0}, "iterations": null, "buffering": {"sinogram_memory": "gpu", "host_budget_bytes": 1073741824, "pinned_budget_bytes": 134217728, "memory_plan": {"sinogram_memory": "gpu", "block_rows": 128, "transfer_slots": 2, "retained_host_bytes": 0, "pinned_staging_bytes": 0, "gpu_sinogram_bytes": 94371840, "gpu_block_input_bytes": 0, "output_mode": "volume", "output_block_rows": 128, "host_output_bytes": 0, "gpu_output_bytes": 134217728, "gpu_output_ring_budget_bytes": 1073938432}}, "scan_period_seconds": 0.0, "reconstructors": 1, "chains": 1, "receive_budget_bytes": 96641024, "source": {"type": "phantom"}, "stage_gpus": {"decompress": 0, "correct": 0, "reconstruct": 0}, "network": {"profile": "auto", "tls": "all", "net_devices": "all", "allow_gpu_over_tcp": true}, "processing": {"transport_batch": 16, "processing_batch": 16, "processing_mode": "batched"}, "display_max": 0.01}}
{"completed_scan": 1, "shape": [128, 512, 512]}
{"completed_scan": 2, "shape": [128, 512, 512]}
{"completed_scan": 3, "shape": [128, 512, 512]}
{"completed_scan": 4, "shape": [128, 512, 512]}
{"completed_scan": 5, "shape": [128, 512, 512]}
{"completed_scan": 6, "shape": [128, 512, 512]}
{"completed_scan": 7, "shape": [128, 512, 512]}
{"completed_scan": 8, "shape": [128, 512, 512]}
{"completed_scan": 9, "shape": [128, 512, 512]}
{"completed_scan": 10, "shape": [128, 512, 512]}
{
  "device_servers": 4,
  "completed_scans": 10,
  "archived_frames": 3620,
  "live_view": null,
  "stopped": false,
  "volumes_verified": true,
  "reconstruction_shape": [
    128,
    512,
    512
  ],
  "relative_l2_error": 0.12456901371479034,
  "max_phantom_error": 0.65,
  "reconstruction_settings": {
    "options": {
      "algorithm": "fbp",
      "backend": "astra-cuda",
      "center": null,
      "filter": "ram-lak",
      "filter_cutoff": null,
      "gaussian_fwhm": 0.0,
      "iterations": null,
      "max_constraint": null,
      "min_constraint": null,
      "relaxation": null,
      "scale_factor": 1.0,
      "slices_per_block": 0,
      "threads": null
    },
    "revision": 0,
    "scan_id": 10
  },
  "elapsed_seconds": 11.11273823099873,
  "pressure_observed": [
    "correct",
    "decompress",
    "reconstruct",
    "source"
  ],
  "workload": {
    "detector_shape": [
      128,
      512
    ],
    "volume_shape": [
      128,
      512,
      512
    ],
    "projections_per_volume": 360,
    "input_frames_per_volume": 362,
    "detector_element": "u16",
    "detector_frame_bytes": 131072,
    "corrected_frame_bytes": 262144,
    "detector_bytes_per_volume": 47448064,
    "compressed_bytes_per_volume": 23861564,
    "volume_bytes": 134217728,
    "reconstruction": {
      "algorithm": "fbp",
      "backend": "astra-cuda",
      "center": null,
      "filter": "ram-lak",
      "filter_cutoff": null,
      "gaussian_fwhm": 0.0,
      "iterations": null,
      "max_constraint": null,
      "min_constraint": null,
      "relaxation": null,
      "scale_factor": 1.0,
      "slices_per_block": 0,
      "threads": null
    },
    "iterations": null,
    "buffering": {
      "sinogram_memory": "gpu",
      "host_budget_bytes": 1073741824,
      "pinned_budget_bytes": 134217728,
      "memory_plan": {
        "sinogram_memory": "gpu",
        "block_rows": 128,
        "transfer_slots": 2,
        "retained_host_bytes": 0,
        "pinned_staging_bytes": 0,
        "gpu_sinogram_bytes": 94371840,
        "gpu_block_input_bytes": 0,
        "output_mode": "volume",
        "output_block_rows": 128,
        "host_output_bytes": 0,
        "gpu_output_bytes": 134217728,
        "gpu_output_ring_budget_bytes": 1073938432
      }
    },
    "scan_period_seconds": 0.0,
    "reconstructors": 1,
    "chains": 1,
    "receive_budget_bytes": 96641024,
    "source": {
      "type": "phantom"
    },
    "stage_gpus": {
      "decompress": 0,
      "correct": 0,
      "reconstruct": 0
    },
    "network": {
      "profile": "auto",
      "tls": "all",
      "net_devices": "all",
      "allow_gpu_over_tcp": true
    },
    "processing": {
      "transport_batch": 16,
      "processing_batch": 16,
      "processing_mode": "batched"
    },
    "display_max": 0.01
  },
  "throughput": {
    "mean_since_start": true,
    "stages": {
      "source": {
        "frames_per_second": 325.75229657638226,
        "payload_mib_per_second": 20.47754591447695
      },
      "decompress": {
        "frames_per_second": 325.75229657638226,
        "payload_mib_per_second": 40.71903707204778
      },
      "correct": {
        "frames_per_second": 323.9525601312089,
        "payload_mib_per_second": 80.98814003280222
      },
      "reconstruct": {
        "frames_per_second": 0.8998682225866914,
        "payload_mib_per_second": 115.1831324910965
      }
    },
    "volumes_per_second": 0.8998682225866914
  },
  "volume_transport": "sysv/memory,cuda_ipc/cuda",
  "stages": {
    "source": {
      "completed_scans": 10,
      "failure": "",
      "input_failure": "",
      "input_transport": "",
      "payload_bytes": 75697,
      "pressure": true,
      "processed": 3620,
      "processing_batch": 16,
      "processing_mode": "batched",
      "published": 3620,
      "publisher_budget_bytes": 96641024,
      "publisher_payload_storage_upper_bytes": 77513728,
      "publisher_slots_free": 1024,
      "publisher_slots_held": 0,
      "quarantined_bytes": 0,
      "reconstruct_ns": 0,
      "role": "source",
      "slot_wait_ns": 1251405261,
      "transport_batch": 16
    },
    "decompress": {
      "completed_scans": 10,
      "failure": "",
      "input_failure": "",
      "input_transport": "sysv/memory,cuda_ipc/cuda",
      "payload_bytes": 131072,
      "pressure": true,
      "processed": 3620,
      "processing_batch": 16,
      "processing_mode": "batched",
      "published": 3620,
      "publisher_budget_bytes": 96641024,
      "publisher_payload_storage_upper_bytes": 96600064,
      "publisher_slots_free": 733,
      "publisher_slots_held": 0,
      "quarantined_bytes": 0,
      "reconstruct_ns": 0,
      "role": "decompress",
      "slot_wait_ns": 1102483169,
      "transport_batch": 16
    },
    "correct": {
      "completed_scans": 10,
      "failure": "",
      "input_failure": "",
      "input_transport": "sysv/memory,cuda_ipc/cuda",
      "payload_bytes": 262144,
      "pressure": true,
      "processed": 3620,
      "processing_batch": 16,
      "processing_mode": "batched",
      "published": 3600,
      "publisher_budget_bytes": 96641024,
      "publisher_payload_storage_upper_bytes": 96468992,
      "publisher_slots_free": 367,
      "publisher_slots_held": 0,
      "quarantined_bytes": 0,
      "reconstruct_ns": 0,
      "role": "correct",
      "slot_wait_ns": 3403687183,
      "transport_batch": 16
    },
    "reconstruct": {
      "completed_scans": 10,
      "failure": "",
      "input_failure": "",
      "input_transport": "sysv/memory,cuda_ipc/cuda",
      "payload_bytes": 134217728,
      "pressure": true,
      "processed": 3600,
      "processing_batch": 16,
      "processing_mode": "batched",
      "published": 10,
      "publisher_budget_bytes": 1073938432,
      "publisher_payload_storage_upper_bytes": 1073741824,
      "publisher_slots_free": 8,
      "publisher_slots_held": 0,
      "quarantined_bytes": 0,
      "reconstruct_ns": 1326444286,
      "role": "reconstruct",
      "slot_wait_ns": 4043263210,
      "transport_batch": 16,
      "reconstructors": [
        {
          "completed_scans": 10,
          "failure": "",
          "input_failure": "",
          "input_transport": "sysv/memory,cuda_ipc/cuda",
          "payload_bytes": 134217728,
          "pressure": true,
          "processed": 3600,
          "processing_batch": 16,
          "processing_mode": "batched",
          "published": 10,
          "publisher_budget_bytes": 1073938432,
          "publisher_payload_storage_upper_bytes": 1073741824,
          "publisher_slots_free": 8,
          "publisher_slots_held": 0,
          "quarantined_bytes": 0,
          "reconstruct_ns": 1326444286,
          "role": "reconstruct",
          "slot_wait_ns": 4043263210,
          "transport_batch": 16
        }
      ]
    }
  },
  "output": "/home/swohl/repo/tango-hpc/perf-audit/scan-overlap-verified-paired/persistent-overlap-1"
}
